{
    "coverage_recycler": {
        "content": [
            {
                "coverage_dir": [
                    [
                        "ERZ857996",
                        [
                            [
                                "bin.0.fa_MAGcoverage.txt:md5,9582532556e884d46a16b68648008f94",
                                "coverage.tab:md5,d4036f88b34d526c7d697450c27b7d62"
                            ],
                            [
                                "bin.1.fa_MAGcoverage.txt:md5,141f8dd1795a7cf0e36e90557e11dd54",
                                "coverage.tab:md5,f93b77d01ac66ba966cb7e70f316ce02"
                            ],
                            "contigs2bins.txt:md5,6fde0ca6d3ea8c9d67a803246605a362"
                        ]
                    ]
                ]
            }
        ],
        "timestamp": "2023-06-15T11:52:53+0000"
    }
}