{
    "metawrap binning PE": {
        "content": [
            {
                "binning_metabat2": [
                    [
                        
                    ]
                ],
                "binning_maxbin2": [
                    [
                        "bin.0.fa:md5,ea50bf5391c2b1c9680167a606bf8eb9",
                        "bin.1.fa:md5,3d0cf474e3fab08e60a18b2d3be314a6"
                    ]
                ],
                "binning_concoct": [
                    [
                        "bin.3.fa:md5,94811fdbfec26a06005550125d3d149f"
                    ]
                ]
            }
        ],
        "timestamp": "2023-05-03T13:49:21+0000"
    }
}