{
    "err to erz change": {
        "content": [
            {
                "return_files": [
                    [
                        "ERR_1",
                        "ERR_1_changed.fastq.gz:md5,2a78b61601d4bd9ff8266ffdd500f381"
                    ]
                ]
            }
        ],
        "timestamp": "2023-07-10T14:11:33+0000"
    }
}